﻿
> formcoach@0.0.0 build
> tsc && vite build

[36mvite v8.0.13 [32mbuilding client environment for production...[36m[39m
[2K
transforming...ظ£ô 1763 modules transformed.
node.exe : [31mظ£ù[39m Build failed in 242ms
At line:1 char:1
+ & "C:\Program Files\nodejs/node.exe" "C:\Program Files\nodejs/node_mo ...
+ ~~~~~~~~~~~~~~~~~~~~~~~~~~~~~~~~~~~~~~~~~~~~~~~~~~~~~~~~~~~~~~~~~~~~~
    + CategoryInfo          : NotSpecified: ([31mظ£ù[39m Build failed in 242ms:String) [], RemoteException
    + FullyQualifiedErrorId : NativeCommandError
 
[31merror during build:
[31mBuild failed with 1 error:

[plugin vite:css] C:/Users/hafiz/Desktop/cyber/test_apps/formcoach/src/index.css:70:0
CssSyntaxError: [postcss] C:/Users/hafiz/Desktop/cyber/test_apps/formcoach/src/index.css:70:1: Unclosed block
    at Input.error (C:\Users\hafiz\Desktop\cyber\test_apps\formcoach\node_modules\postcss\lib\input.js:135:16)
    at Parser.unclosedBlock 
(C:\Users\hafiz\Desktop\cyber\test_apps\formcoach\node_modules\postcss\lib\parser.js:575:22)
    at Parser.endFile (C:\Users\hafiz\Desktop\cyber\test_apps\formcoach\node_modules\postcss\lib\parser.js:335:35)
    at Parser.parse (C:\Users\hafiz\Desktop\cyber\test_apps\formcoach\node_modules\postcss\lib\parser.js:476:10)
    at parse (C:\Users\hafiz\Desktop\cyber\test_apps\formcoach\node_modules\postcss\lib\parse.js:11:12)
    at new LazyResult (C:\Users\hafiz\Desktop\cyber\test_apps\formcoach\node_modules\postcss\lib\lazy-result.js:165:16)
    at Processor.process (C:\Users\hafiz\Desktop\cyber\test_apps\formcoach\node_modules\postcss\lib\processor.js:53:14)
    at runPostCSS 
(file:///C:/Users/hafiz/Desktop/cyber/test_apps/formcoach/node_modules/vite/dist/node/chunks/node.js:21054:66)
    at async compilePostCSS 
(file:///C:/Users/hafiz/Desktop/cyber/test_apps/formcoach/node_modules/vite/dist/node/chunks/node.js:21038:6)
    at async compileCSS 
(file:///C:/Users/hafiz/Desktop/cyber/test_apps/formcoach/node_modules/vite/dist/node/chunks/node.js:20968:26)[31m
    at aggregateBindingErrorsIntoJsError 
(file:///C:/Users/hafiz/Desktop/cyber/test_apps/formcoach/node_modules/rolldown/dist/shared/error-CkdMJ9ps.mjs:48:18)
    at unwrapBindingResult 
(file:///C:/Users/hafiz/Desktop/cyber/test_apps/formcoach/node_modules/rolldown/dist/shared/error-CkdMJ9ps.mjs:18:128)
    at #build (file:///C:/Users/hafiz/Desktop/cyber/test_apps/formcoach/node_modules/rolldown/dist/shared/rolldown-buil
d-BVD3dIdE.mjs:3275:34)
    at async buildEnvironment 
(file:///C:/Users/hafiz/Desktop/cyber/test_apps/formcoach/node_modules/vite/dist/node/chunks/node.js:33133:64)
    at async Object.build 
(file:///C:/Users/hafiz/Desktop/cyber/test_apps/formcoach/node_modules/vite/dist/node/chunks/node.js:33555:19)
    at async Object.buildApp 
(file:///C:/Users/hafiz/Desktop/cyber/test_apps/formcoach/node_modules/vite/dist/node/chunks/node.js:33552:153)
    at async CAC.<anonymous> 
(file:///C:/Users/hafiz/Desktop/cyber/test_apps/formcoach/node_modules/vite/dist/node/cli.js:777:3) {
  errors: [Getter/Setter]
}[39m
